// Jest Snapshot v1, https://goo.gl/fbAQLP

exports[`getLesson Saga should call the authActionError if the response errors 1`] = `
Object {
  "@@redux-saga/IO": true,
  "combinator": false,
  "payload": Object {
    "args": Array [
      Object {
        "headers": Object {
          "Content-Type": "application/json",
        },
        "method": "GET",
        "url": "/lessons/1",
      },
    ],
    "context": null,
    "fn": [Function],
  },
  "type": "CALL",
}
`;

exports[`getLesson Saga should dispatch the lessonActionSuccess if it requests the data successfully 1`] = `
Object {
  "@@redux-saga/IO": true,
  "combinator": false,
  "payload": Object {
    "args": Array [
      Object {
        "headers": Object {
          "Content-Type": "application/json",
        },
        "method": "GET",
        "url": "/lessons/1",
      },
    ],
    "context": null,
    "fn": [Function],
  },
  "type": "CALL",
}
`;
